
[1m[30m[46m RUN [49m[39m[22m [36mv4.1.4 [39m[90mC:/Users/MANOHAR/OneDrive/Desktop/Level-3[39m

 [32mΓ£ô[39m src/__tests__/utils.test.js [2m([22m[2m16 tests[22m[2m)[22m[32m 42[2mms[22m[39m
 [32mΓ£ô[39m src/__tests__/WalletContext.test.jsx [2m([22m[2m3 tests[22m[2m)[22m[32m 46[2mms[22m[39m
 [32mΓ£ô[39m src/__tests__/WalletConnect.test.jsx [2m([22m[2m3 tests[22m[2m)[22m[32m 59[2mms[22m[39m
 [32mΓ£ô[39m src/__tests__/SendTransaction.test.jsx [2m([22m[2m4 tests[22m[2m)[22m[32m 50[2mms[22m[39m

[2m Test Files [22m [1m[32m4 passed[39m[22m[90m (4)[39m
[2m      Tests [22m [1m[32m26 passed[39m[22m[90m (26)[39m
[2m   Start at [22m 10:06:10
[2m   Duration [22m 2.61s[2m (transform 348ms, setup 687ms, import 1.12s, tests 197ms, environment 6.12s)[22m

